Java HotSpot(TM) 64-Bit Server VM (25.151-b12) for bsd-amd64 JRE (1.8.0_151-b12), built on Sep  5 2017 19:37:08 by "java_re" with gcc 4.2.1 (Based on Apple Inc. build 5658) (LLVM build 2336.11.00)
Memory: 4k page, physical 16777216k(1166780k free)

/proc/meminfo:

CommandLine flags: -XX:InitialHeapSize=2147483648 -XX:MaxHeapSize=2147483648 -XX:+PrintGC -XX:+PrintGCDateStamps -XX:+PrintGCDetails -XX:+PrintGCTimeStamps -XX:+PrintHeapAtGC -XX:+UseCompressedClassPointers -XX:+UseCompressedOops -XX:+UseParallelGC 
{Heap before GC invocations=1 (full 0):
 PSYoungGen      total 611840K, used 325382K [0x0000000795580000, 0x00000007c0000000, 0x00000007c0000000)
  eden space 524800K, 62% used [0x0000000795580000,0x00000007a9341a10,0x00000007b5600000)
  from space 87040K, 0% used [0x00000007bab00000,0x00000007bab00000,0x00000007c0000000)
  to   space 87040K, 0% used [0x00000007b5600000,0x00000007b5600000,0x00000007bab00000)
 ParOldGen       total 1398272K, used 0K [0x0000000740000000, 0x0000000795580000, 0x0000000795580000)
  object space 1398272K, 0% used [0x0000000740000000,0x0000000740000000,0x0000000795580000)
 Metaspace       used 20791K, capacity 21096K, committed 21296K, reserved 1069056K
  class space    used 2528K, capacity 2637K, committed 2688K, reserved 1048576K
2018-08-06T11:05:12.756-0800: 1.330: [GC (Metadata GC Threshold) [PSYoungGen: 325382K->15915K(611840K)] 325382K->16003K(2010112K), 0.0159112 secs] [Times: user=0.05 sys=0.01, real=0.02 secs] 
Heap after GC invocations=1 (full 0):
 PSYoungGen      total 611840K, used 15915K [0x0000000795580000, 0x00000007c0000000, 0x00000007c0000000)
  eden space 524800K, 0% used [0x0000000795580000,0x0000000795580000,0x00000007b5600000)
  from space 87040K, 18% used [0x00000007b5600000,0x00000007b658aeb0,0x00000007bab00000)
  to   space 87040K, 0% used [0x00000007bab00000,0x00000007bab00000,0x00000007c0000000)
 ParOldGen       total 1398272K, used 88K [0x0000000740000000, 0x0000000795580000, 0x0000000795580000)
  object space 1398272K, 0% used [0x0000000740000000,0x0000000740016010,0x0000000795580000)
 Metaspace       used 20791K, capacity 21096K, committed 21296K, reserved 1069056K
  class space    used 2528K, capacity 2637K, committed 2688K, reserved 1048576K
}
{Heap before GC invocations=2 (full 1):
 PSYoungGen      total 611840K, used 15915K [0x0000000795580000, 0x00000007c0000000, 0x00000007c0000000)
  eden space 524800K, 0% used [0x0000000795580000,0x0000000795580000,0x00000007b5600000)
  from space 87040K, 18% used [0x00000007b5600000,0x00000007b658aeb0,0x00000007bab00000)
  to   space 87040K, 0% used [0x00000007bab00000,0x00000007bab00000,0x00000007c0000000)
 ParOldGen       total 1398272K, used 88K [0x0000000740000000, 0x0000000795580000, 0x0000000795580000)
  object space 1398272K, 0% used [0x0000000740000000,0x0000000740016010,0x0000000795580000)
 Metaspace       used 20791K, capacity 21096K, committed 21296K, reserved 1069056K
  class space    used 2528K, capacity 2637K, committed 2688K, reserved 1048576K
2018-08-06T11:05:12.772-0800: 1.346: [Full GC (Metadata GC Threshold) [PSYoungGen: 15915K->0K(611840K)] [ParOldGen: 88K->15138K(1398272K)] 16003K->15138K(2010112K), [Metaspace: 20791K->20791K(1069056K)], 0.0321727 secs] [Times: user=0.14 sys=0.01, real=0.03 secs] 
Heap after GC invocations=2 (full 1):
 PSYoungGen      total 611840K, used 0K [0x0000000795580000, 0x00000007c0000000, 0x00000007c0000000)
  eden space 524800K, 0% used [0x0000000795580000,0x0000000795580000,0x00000007b5600000)
  from space 87040K, 0% used [0x00000007b5600000,0x00000007b5600000,0x00000007bab00000)
  to   space 87040K, 0% used [0x00000007bab00000,0x00000007bab00000,0x00000007c0000000)
 ParOldGen       total 1398272K, used 15138K [0x0000000740000000, 0x0000000795580000, 0x0000000795580000)
  object space 1398272K, 1% used [0x0000000740000000,0x0000000740ec8b08,0x0000000795580000)
 Metaspace       used 20791K, capacity 21096K, committed 21296K, reserved 1069056K
  class space    used 2528K, capacity 2637K, committed 2688K, reserved 1048576K
}
{Heap before GC invocations=3 (full 1):
 PSYoungGen      total 611840K, used 524800K [0x0000000795580000, 0x00000007c0000000, 0x00000007c0000000)
  eden space 524800K, 100% used [0x0000000795580000,0x00000007b5600000,0x00000007b5600000)
  from space 87040K, 0% used [0x00000007b5600000,0x00000007b5600000,0x00000007bab00000)
  to   space 87040K, 0% used [0x00000007bab00000,0x00000007bab00000,0x00000007c0000000)
 ParOldGen       total 1398272K, used 15138K [0x0000000740000000, 0x0000000795580000, 0x0000000795580000)
  object space 1398272K, 1% used [0x0000000740000000,0x0000000740ec8b08,0x0000000795580000)
 Metaspace       used 29004K, capacity 29392K, committed 29824K, reserved 1075200K
  class space    used 3523K, capacity 3641K, committed 3712K, reserved 1048576K
2018-08-06T11:05:14.559-0800: 3.132: [GC (Allocation Failure) [PSYoungGen: 524800K->48570K(611840K)] 539938K->63717K(2010112K), 0.0336396 secs] [Times: user=0.07 sys=0.02, real=0.04 secs] 
Heap after GC invocations=3 (full 1):
 PSYoungGen      total 611840K, used 48570K [0x0000000795580000, 0x00000007c0000000, 0x00000007c0000000)
  eden space 524800K, 0% used [0x0000000795580000,0x0000000795580000,0x00000007b5600000)
  from space 87040K, 55% used [0x00000007bab00000,0x00000007bda6e958,0x00000007c0000000)
  to   space 87040K, 0% used [0x00000007b5600000,0x00000007b5600000,0x00000007bab00000)
 ParOldGen       total 1398272K, used 15146K [0x0000000740000000, 0x0000000795580000, 0x0000000795580000)
  object space 1398272K, 1% used [0x0000000740000000,0x0000000740ecab08,0x0000000795580000)
 Metaspace       used 29004K, capacity 29392K, committed 29824K, reserved 1075200K
  class space    used 3523K, capacity 3641K, committed 3712K, reserved 1048576K
}
{Heap before GC invocations=4 (full 1):
 PSYoungGen      total 611840K, used 573370K [0x0000000795580000, 0x00000007c0000000, 0x00000007c0000000)
  eden space 524800K, 100% used [0x0000000795580000,0x00000007b5600000,0x00000007b5600000)
  from space 87040K, 55% used [0x00000007bab00000,0x00000007bda6e958,0x00000007c0000000)
  to   space 87040K, 0% used [0x00000007b5600000,0x00000007b5600000,0x00000007bab00000)
 ParOldGen       total 1398272K, used 15146K [0x0000000740000000, 0x0000000795580000, 0x0000000795580000)
  object space 1398272K, 1% used [0x0000000740000000,0x0000000740ecab08,0x0000000795580000)
 Metaspace       used 30003K, capacity 30350K, committed 30720K, reserved 1077248K
  class space    used 3647K, capacity 3742K, committed 3840K, reserved 1048576K
2018-08-06T11:05:15.660-0800: 4.234: [GC (Allocation Failure) [PSYoungGen: 573370K->32559K(611840K)] 588517K->47713K(2010112K), 0.0217371 secs] [Times: user=0.05 sys=0.00, real=0.02 secs] 
Heap after GC invocations=4 (full 1):
 PSYoungGen      total 611840K, used 32559K [0x0000000795580000, 0x00000007c0000000, 0x00000007c0000000)
  eden space 524800K, 0% used [0x0000000795580000,0x0000000795580000,0x00000007b5600000)
  from space 87040K, 37% used [0x00000007b5600000,0x00000007b75cbc20,0x00000007bab00000)
  to   space 87040K, 0% used [0x00000007bab00000,0x00000007bab00000,0x00000007c0000000)
 ParOldGen       total 1398272K, used 15154K [0x0000000740000000, 0x0000000795580000, 0x0000000795580000)
  object space 1398272K, 1% used [0x0000000740000000,0x0000000740eccb08,0x0000000795580000)
 Metaspace       used 30003K, capacity 30350K, committed 30720K, reserved 1077248K
  class space    used 3647K, capacity 3742K, committed 3840K, reserved 1048576K
}
{Heap before GC invocations=5 (full 1):
 PSYoungGen      total 611840K, used 557359K [0x0000000795580000, 0x00000007c0000000, 0x00000007c0000000)
  eden space 524800K, 100% used [0x0000000795580000,0x00000007b5600000,0x00000007b5600000)
  from space 87040K, 37% used [0x00000007b5600000,0x00000007b75cbc20,0x00000007bab00000)
  to   space 87040K, 0% used [0x00000007bab00000,0x00000007bab00000,0x00000007c0000000)
 ParOldGen       total 1398272K, used 15154K [0x0000000740000000, 0x0000000795580000, 0x0000000795580000)
  object space 1398272K, 1% used [0x0000000740000000,0x0000000740eccb08,0x0000000795580000)
 Metaspace       used 31008K, capacity 31386K, committed 31872K, reserved 1077248K
  class space    used 3774K, capacity 3872K, committed 3968K, reserved 1048576K
2018-08-06T11:05:16.529-0800: 5.103: [GC (Allocation Failure) [PSYoungGen: 557359K->47516K(611840K)] 572513K->62679K(2010112K), 0.0123474 secs] [Times: user=0.05 sys=0.00, real=0.02 secs] 
Heap after GC invocations=5 (full 1):
 PSYoungGen      total 611840K, used 47516K [0x0000000795580000, 0x00000007c0000000, 0x00000007c0000000)
  eden space 524800K, 0% used [0x0000000795580000,0x0000000795580000,0x00000007b5600000)
  from space 87040K, 54% used [0x00000007bab00000,0x00000007bd967220,0x00000007c0000000)
  to   space 87040K, 0% used [0x00000007b5600000,0x00000007b5600000,0x00000007bab00000)
 ParOldGen       total 1398272K, used 15162K [0x0000000740000000, 0x0000000795580000, 0x0000000795580000)
  object space 1398272K, 1% used [0x0000000740000000,0x0000000740eceb08,0x0000000795580000)
 Metaspace       used 31008K, capacity 31386K, committed 31872K, reserved 1077248K
  class space    used 3774K, capacity 3872K, committed 3968K, reserved 1048576K
}
{Heap before GC invocations=6 (full 1):
 PSYoungGen      total 611840K, used 572316K [0x0000000795580000, 0x00000007c0000000, 0x00000007c0000000)
  eden space 524800K, 100% used [0x0000000795580000,0x00000007b5600000,0x00000007b5600000)
  from space 87040K, 54% used [0x00000007bab00000,0x00000007bd967220,0x00000007c0000000)
  to   space 87040K, 0% used [0x00000007b5600000,0x00000007b5600000,0x00000007bab00000)
 ParOldGen       total 1398272K, used 15162K [0x0000000740000000, 0x0000000795580000, 0x0000000795580000)
  object space 1398272K, 1% used [0x0000000740000000,0x0000000740eceb08,0x0000000795580000)
 Metaspace       used 32265K, capacity 32644K, committed 33024K, reserved 1079296K
  class space    used 3926K, capacity 4035K, committed 4096K, reserved 1048576K
2018-08-06T11:05:22.249-0800: 10.823: [GC (Allocation Failure) [PSYoungGen: 572316K->47133K(611840K)] 587479K->62304K(2010112K), 0.0188989 secs] [Times: user=0.04 sys=0.01, real=0.02 secs] 
Heap after GC invocations=6 (full 1):
 PSYoungGen      total 611840K, used 47133K [0x0000000795580000, 0x00000007c0000000, 0x00000007c0000000)
  eden space 524800K, 0% used [0x0000000795580000,0x0000000795580000,0x00000007b5600000)
  from space 87040K, 54% used [0x00000007b5600000,0x00000007b8407600,0x00000007bab00000)
  to   space 60416K, 0% used [0x00000007bc500000,0x00000007bc500000,0x00000007c0000000)
 ParOldGen       total 1398272K, used 15170K [0x0000000740000000, 0x0000000795580000, 0x0000000795580000)
  object space 1398272K, 1% used [0x0000000740000000,0x0000000740ed0b08,0x0000000795580000)
 Metaspace       used 32265K, capacity 32644K, committed 33024K, reserved 1079296K
  class space    used 3926K, capacity 4035K, committed 4096K, reserved 1048576K
}
{Heap before GC invocations=7 (full 1):
 PSYoungGen      total 611840K, used 571933K [0x0000000795580000, 0x00000007c0000000, 0x00000007c0000000)
  eden space 524800K, 100% used [0x0000000795580000,0x00000007b5600000,0x00000007b5600000)
  from space 87040K, 54% used [0x00000007b5600000,0x00000007b8407600,0x00000007bab00000)
  to   space 60416K, 0% used [0x00000007bc500000,0x00000007bc500000,0x00000007c0000000)
 ParOldGen       total 1398272K, used 15170K [0x0000000740000000, 0x0000000795580000, 0x0000000795580000)
  object space 1398272K, 1% used [0x0000000740000000,0x0000000740ed0b08,0x0000000795580000)
 Metaspace       used 34421K, capacity 34810K, committed 35200K, reserved 1081344K
  class space    used 4041K, capacity 4172K, committed 4224K, reserved 1048576K
2018-08-06T11:05:36.259-0800: 24.833: [GC (Allocation Failure) [PSYoungGen: 571933K->52395K(629248K)] 587104K->67574K(2027520K), 0.0244750 secs] [Times: user=0.09 sys=0.06, real=0.03 secs] 
Heap after GC invocations=7 (full 1):
 PSYoungGen      total 629248K, used 52395K [0x0000000795580000, 0x00000007c0000000, 0x00000007c0000000)
  eden space 568832K, 0% used [0x0000000795580000,0x0000000795580000,0x00000007b8100000)
  from space 60416K, 86% used [0x00000007bc500000,0x00000007bf82afb8,0x00000007c0000000)
  to   space 65024K, 0% used [0x00000007b8100000,0x00000007b8100000,0x00000007bc080000)
 ParOldGen       total 1398272K, used 15178K [0x0000000740000000, 0x0000000795580000, 0x0000000795580000)
  object space 1398272K, 1% used [0x0000000740000000,0x0000000740ed2b08,0x0000000795580000)
 Metaspace       used 34421K, capacity 34810K, committed 35200K, reserved 1081344K
  class space    used 4041K, capacity 4172K, committed 4224K, reserved 1048576K
}
{Heap before GC invocations=8 (full 1):
 PSYoungGen      total 629248K, used 621227K [0x0000000795580000, 0x00000007c0000000, 0x00000007c0000000)
  eden space 568832K, 100% used [0x0000000795580000,0x00000007b8100000,0x00000007b8100000)
  from space 60416K, 86% used [0x00000007bc500000,0x00000007bf82afb8,0x00000007c0000000)
  to   space 65024K, 0% used [0x00000007b8100000,0x00000007b8100000,0x00000007bc080000)
 ParOldGen       total 1398272K, used 15178K [0x0000000740000000, 0x0000000795580000, 0x0000000795580000)
  object space 1398272K, 1% used [0x0000000740000000,0x0000000740ed2b08,0x0000000795580000)
 Metaspace       used 34444K, capacity 34810K, committed 35200K, reserved 1081344K
  class space    used 4043K, capacity 4172K, committed 4224K, reserved 1048576K
2018-08-06T11:05:55.381-0800: 43.955: [GC (Allocation Failure) [PSYoungGen: 621227K->47801K(616960K)] 636406K->62987K(2015232K), 0.0345750 secs] [Times: user=0.09 sys=0.07, real=0.03 secs] 
Heap after GC invocations=8 (full 1):
 PSYoungGen      total 616960K, used 47801K [0x0000000795580000, 0x00000007c0000000, 0x00000007c0000000)
  eden space 568832K, 0% used [0x0000000795580000,0x0000000795580000,0x00000007b8100000)
  from space 48128K, 99% used [0x00000007b8100000,0x00000007bafae480,0x00000007bb000000)
  to   space 65536K, 0% used [0x00000007bc000000,0x00000007bc000000,0x00000007c0000000)
 ParOldGen       total 1398272K, used 15186K [0x0000000740000000, 0x0000000795580000, 0x0000000795580000)
  object space 1398272K, 1% used [0x0000000740000000,0x0000000740ed4b08,0x0000000795580000)
 Metaspace       used 34444K, capacity 34810K, committed 35200K, reserved 1081344K
  class space    used 4043K, capacity 4172K, committed 4224K, reserved 1048576K
}
{Heap before GC invocations=9 (full 1):
 PSYoungGen      total 616960K, used 616633K [0x0000000795580000, 0x00000007c0000000, 0x00000007c0000000)
  eden space 568832K, 100% used [0x0000000795580000,0x00000007b8100000,0x00000007b8100000)
  from space 48128K, 99% used [0x00000007b8100000,0x00000007bafae480,0x00000007bb000000)
  to   space 65536K, 0% used [0x00000007bc000000,0x00000007bc000000,0x00000007c0000000)
 ParOldGen       total 1398272K, used 15186K [0x0000000740000000, 0x0000000795580000, 0x0000000795580000)
  object space 1398272K, 1% used [0x0000000740000000,0x0000000740ed4b08,0x0000000795580000)
 Metaspace       used 34452K, capacity 34938K, committed 35456K, reserved 1081344K
  class space    used 4043K, capacity 4172K, committed 4224K, reserved 1048576K
2018-08-06T11:06:15.376-0800: 63.950: [GC (Allocation Failure) [PSYoungGen: 616633K->46669K(634368K)] 631819K->61864K(2032640K), 0.0194085 secs] [Times: user=0.08 sys=0.00, real=0.02 secs] 
Heap after GC invocations=9 (full 1):
 PSYoungGen      total 634368K, used 46669K [0x0000000795580000, 0x00000007c0000000, 0x00000007c0000000)
  eden space 568832K, 0% used [0x0000000795580000,0x0000000795580000,0x00000007b8100000)
  from space 65536K, 71% used [0x00000007bc000000,0x00000007bed935b0,0x00000007c0000000)
  to   space 64512K, 0% used [0x00000007b8100000,0x00000007b8100000,0x00000007bc000000)
 ParOldGen       total 1398272K, used 15194K [0x0000000740000000, 0x0000000795580000, 0x0000000795580000)
  object space 1398272K, 1% used [0x0000000740000000,0x0000000740ed6b08,0x0000000795580000)
 Metaspace       used 34452K, capacity 34938K, committed 35456K, reserved 1081344K
  class space    used 4043K, capacity 4172K, committed 4224K, reserved 1048576K
}
{Heap before GC invocations=10 (full 1):
 PSYoungGen      total 634368K, used 615501K [0x0000000795580000, 0x00000007c0000000, 0x00000007c0000000)
  eden space 568832K, 100% used [0x0000000795580000,0x00000007b8100000,0x00000007b8100000)
  from space 65536K, 71% used [0x00000007bc000000,0x00000007bed935b0,0x00000007c0000000)
  to   space 64512K, 0% used [0x00000007b8100000,0x00000007b8100000,0x00000007bc000000)
 ParOldGen       total 1398272K, used 15194K [0x0000000740000000, 0x0000000795580000, 0x0000000795580000)
  object space 1398272K, 1% used [0x0000000740000000,0x0000000740ed6b08,0x0000000795580000)
 Metaspace       used 34459K, capacity 34938K, committed 35456K, reserved 1081344K
  class space    used 4043K, capacity 4172K, committed 4224K, reserved 1048576K
2018-08-06T11:06:35.857-0800: 84.431: [GC (Allocation Failure) [PSYoungGen: 615501K->46536K(633344K)] 630696K->61731K(2031616K), 0.0196582 secs] [Times: user=0.08 sys=0.00, real=0.02 secs] 
Heap after GC invocations=10 (full 1):
 PSYoungGen      total 633344K, used 46536K [0x0000000795580000, 0x00000007c0000000, 0x00000007c0000000)
  eden space 568832K, 0% used [0x0000000795580000,0x0000000795580000,0x00000007b8100000)
  from space 64512K, 72% used [0x00000007b8100000,0x00000007bae722f0,0x00000007bc000000)
  to   space 64000K, 0% used [0x00000007bc180000,0x00000007bc180000,0x00000007c0000000)
 ParOldGen       total 1398272K, used 15194K [0x0000000740000000, 0x0000000795580000, 0x0000000795580000)
  object space 1398272K, 1% used [0x0000000740000000,0x0000000740ed6b08,0x0000000795580000)
 Metaspace       used 34459K, capacity 34938K, committed 35456K, reserved 1081344K
  class space    used 4043K, capacity 4172K, committed 4224K, reserved 1048576K
}
{Heap before GC invocations=11 (full 1):
 PSYoungGen      total 633344K, used 615368K [0x0000000795580000, 0x00000007c0000000, 0x00000007c0000000)
  eden space 568832K, 100% used [0x0000000795580000,0x00000007b8100000,0x00000007b8100000)
  from space 64512K, 72% used [0x00000007b8100000,0x00000007bae722f0,0x00000007bc000000)
  to   space 64000K, 0% used [0x00000007bc180000,0x00000007bc180000,0x00000007c0000000)
 ParOldGen       total 1398272K, used 15194K [0x0000000740000000, 0x0000000795580000, 0x0000000795580000)
  object space 1398272K, 1% used [0x0000000740000000,0x0000000740ed6b08,0x0000000795580000)
 Metaspace       used 34462K, capacity 34938K, committed 35456K, reserved 1081344K
  class space    used 4043K, capacity 4172K, committed 4224K, reserved 1048576K
2018-08-06T11:06:56.717-0800: 105.291: [GC (Allocation Failure) [PSYoungGen: 615368K->49929K(633856K)] 630563K->65124K(2032128K), 0.0202041 secs] [Times: user=0.09 sys=0.00, real=0.02 secs] 
